// Jest Snapshot v1, https://goo.gl/fbAQLP

exports[`handles simple model 1`] = `
"type A {
  a: [String!]!
}

type Fake {
  a: A!
  b: Boolean!
}

input FakeInput {
  first: String!
  second: Boolean!
}
"
`;
